// Jest Snapshot v1, https://goo.gl/fbAQLP

exports[`notifications renders page 1`] = `
"<div>
  <div id=\\"main-content\\" class=\\"flex flex-row w-screen h-screen justify-start\\">
    <div id=\\"side-bar\\" class=\\"side-bar\\"><a class=\\"md:ml-2\\" id=\\"twitter-home-link\\" title=\\"Home\\" href=\\"/home\\"><img src=\\"/favico.ico\\" alt=\\"Blue Twitter bird\\" class=\\"hidden sm:flex w-12 h-auto mx-6 my-4 p-2 rounded hover:bg-blue-50\\"></a><a class=\\"lg-side-icon\\" id=\\"home-link\\" title=\\"Home\\" href=\\"/home\\"><svg xmlns=\\"http://www.w3.org/2000/svg\\" fill=\\"none\\" viewBox=\\"0 0 24 24\\" stroke=\\"currentColor\\" class=\\"side-icon\\">
          <path stroke-linecap=\\"round\\" stroke-linejoin=\\"round\\" stroke-width=\\"2\\" d=\\"M3 12l2-2m0 0l7-7 7 7M5 10v10a1 1 0 001 1h3m10-11l2 2m-2-2v10a1 1 0 01-1 1h-3m-6 0a1 1 0 001-1v-4a1 1 0 011-1h2a1 1 0 011 1v4a1 1 0 001 1m-6 0h6\\"></path>
        </svg><label for=\\"home-link\\" class=\\"sidebar-text\\">Home</label></a><a title=\\"Explore\\" class=\\"lg-side-icon\\" id=\\"explore-link\\" href=\\"/explore\\"><svg xmlns=\\"http://www.w3.org/2000/svg\\" fill=\\"none\\" viewBox=\\"0 0 24 24\\" stroke=\\"currentColor\\" class=\\"side-icon\\">
          <path stroke-linecap=\\"round\\" stroke-linejoin=\\"round\\" stroke-width=\\"2\\" d=\\"M7 20l4-16m2 16l4-16M6 9h14M4 15h14\\"></path>
        </svg><label for=\\"explore-link\\" class=\\"sidebar-text\\">Explore</label></a><a title=\\"Notifications\\" class=\\"lg-side-icon\\" id=\\"notifications-link\\" href=\\"/notifications\\">
        <div id=\\"notifications-alert\\" class=\\"bg-blue-600 h-2 w-2 rounded-full z-10 -mr-8 sm:-mr-2 -mt-6 sm:-mt-0\\"></div><svg xmlns=\\"http://www.w3.org/2000/svg\\" fill=\\"none\\" viewBox=\\"0 0 24 24\\" stroke=\\"currentColor\\" class=\\"side-icon\\">
          <path stroke-linecap=\\"round\\" stroke-linejoin=\\"round\\" stroke-width=\\"2\\" d=\\"M15 17h5l-1.405-1.405A2.032 2.032 0 0118 14.158V11a6.002 6.002 0 00-4-5.659V5a2 2 0 10-4 0v.341C7.67 6.165 6 8.388 6 11v3.159c0 .538-.214 1.055-.595 1.436L4 17h5m6 0v1a3 3 0 11-6 0v-1m6 0H9\\"></path>
        </svg><label for=\\"notifications-link\\" class=\\"sidebar-text\\">Notifications</label>
      </a><a title=\\"Messages\\" class=\\"lg-side-icon\\" href=\\"/messages\\"><svg xmlns=\\"http://www.w3.org/2000/svg\\" fill=\\"none\\" viewBox=\\"0 0 24 24\\" stroke=\\"currentColor\\" class=\\"side-icon\\">
          <path stroke-linecap=\\"round\\" stroke-linejoin=\\"round\\" stroke-width=\\"2\\" d=\\"M20 13V6a2 2 0 00-2-2H6a2 2 0 00-2 2v7m16 0v5a2 2 0 01-2 2H6a2 2 0 01-2-2v-5m16 0h-2.586a1 1 0 00-.707.293l-2.414 2.414a1 1 0 01-.707.293h-3.172a1 1 0 01-.707-.293l-2.414-2.414A1 1 0 006.586 13H4\\"></path>
        </svg><label for=\\"messages-link\\" class=\\"sidebar-text\\">Messages</label></a><button class=\\"sm:hidden lg-side-icon\\" title=\\"User options\\"><img alt=\\"Current user\\" src=\\"profilePic.jpg\\" class=\\"side-icon rounded-full\\"></button><a id=\\"profile-link\\" title=\\"Profile\\" class=\\"hidden sm:flex lg-side-icon\\" href=\\"/leGuin\\"><svg xmlns=\\"http://www.w3.org/2000/svg\\" fill=\\"none\\" viewBox=\\"0 0 24 24\\" stroke=\\"currentColor\\" class=\\"side-icon hidden sm:flex\\">
          <path stroke-linecap=\\"round\\" stroke-linejoin=\\"round\\" stroke-width=\\"2\\" d=\\"M16 7a4 4 0 11-8 0 4 4 0 018 0zM12 14a7 7 0 00-7 7h14a7 7 0 00-7-7z\\"></path>
        </svg><label for=\\"profile-link\\" class=\\"sidebar-text\\">Profile</label></a><a title=\\"Sign out\\" id=\\"sign-out-btn\\" class=\\"hidden sm:flex lg-side-icon\\" href=\\"/home\\"><svg xmlns=\\"http://www.w3.org/2000/svg\\" fill=\\"none\\" viewBox=\\"0 0 24 24\\" stroke=\\"currentColor\\" class=\\"side-icon hidden sm:flex\\" id=\\"more-icon\\">
          <path stroke-linecap=\\"round\\" stroke-linejoin=\\"round\\" stroke-width=\\"2\\" d=\\"M17 16l4-4m0 0l-4-4m4 4H7m6 4v1a3 3 0 01-3 3H6a3 3 0 01-3-3V7a3 3 0 013-3h4a3 3 0 013 3v1\\"></path>
        </svg><label for=\\"sign-out\\" class=\\"sidebar-text\\">Sign Out</label></a></div>
    <div class=\\"sm:ml-24 md:ml-60 mb-0 w-full max-w-2xl sm:mr-2 md:mr-0\\">
      <div id=\\"notifications-component\\" class=\\"w-full h-full flex flex-col\\">
        <div class=\\"flex flex-col border-b border-r\\">
          <h2 class=\\"text-xl font-semibold pl-3 pt-3 pb-3\\">Notifications</h2>
        </div>
        <div class=\\"w-full h-screen flex flex-col border-r\\"><a id=\\"single-notification\\" class=\\"flex flex-row justify-between hover:bg-gray-200 border-b w-full p-6 font-semibold bg-gray-50\\" href=\\"/danmolloy\\">
            <p>@danmolloy has started following you.</p>
            <p class=\\"text-gray-500\\">Wed Nov 24 2021</p>
          </a></div>
      </div>
    </div>
  </div>
</div>"
`;
